Makefile:38: warning: overriding recipe for target 'clean-build'
Makefile:31: warning: ignoring old recipe for target 'clean-build'
-- The CXX compiler identification is GNU 13.3.0
-- Detecting CXX compiler ABI info
-- Detecting CXX compiler ABI info - done
-- Check for working CXX compiler: /usr/bin/c++ - skipped
-- Detecting CXX compile features
-- Detecting CXX compile features - done
CMake Error at /usr/share/cmake-3.28/Modules/FindPackageHandleStandardArgs.cmake:230 (message):
  Could NOT find OpenGL (missing: OPENGL_opengl_LIBRARY OPENGL_glx_LIBRARY
  OPENGL_INCLUDE_DIR)
Call Stack (most recent call first):
  /usr/share/cmake-3.28/Modules/FindPackageHandleStandardArgs.cmake:600 (_FPHSA_FAILURE_MESSAGE)
  /usr/share/cmake-3.28/Modules/FindOpenGL.cmake:545 (FIND_PACKAGE_HANDLE_STANDARD_ARGS)
  CMakeLists.txt:13 (find_package)


-- Configuring incomplete, errors occurred!
make: *** [Makefile:8: all] Error 1
